kore-exec: [1141842] Warning (WarnStuckClaimState):
    The configuration's term doesn't unify with the destination's term and the configuration cannot be rewritten further. Location: /work/formal/model/experiments/map-lemma.k:15:9-20:64
Context:
    (InfoReachability) while checking the implication
  #Ceil ( sumActive ( Rest , S ) )
#And
  #Not ( #Ceil ( sumActive ( Rest , S
    SetItem ( 1 ) ) )
  #And
    {
      sumActive ( Rest , S
      SetItem ( 1 ) )
    #Equals
      sumActive ( Rest , S )
    } )
#And
  <k>
    assertIntEqual ( sumActive ( Rest , S
    SetItem ( 1 ) ) , sumActive ( Rest , S ) ) ~> .K
  </k>
#And
  {
    false
  #Equals
    1 in S
  }
#And
  {
    false
  #Equals
    1 in_keys ( Rest )
  }
[Error] Prover: backend terminated because the configuration cannot be
rewritten further. See output for more details.
