(node:96259) V8: /Users/momiyamashodai/orca/workspaces/ethereum-confidential-utxo/docs-design-doc/experiments/design/bulletproof/node_modules/solc/soljson.js:3 Invalid asm.js: Invalid member of stdlib
(Use `node --trace-warnings ...` to show where the warning was created)
amount-1-blinding-42: expected=true, accepted=true, normalReturn=true
amount-2-blinding-42: expected=true, accepted=true, normalReturn=true
amount-max-blinding-42: expected=true, accepted=true, normalReturn=true
amount-1-blinding-0: expected=true, accepted=true, normalReturn=true
polynomial-blindings-zero: expected=true, accepted=true, normalReturn=true
amount-0: expected=false, accepted=false, normalReturn=true
amount-over-max: expected=false, accepted=false, normalReturn=true
scalar-0-plus-q: expected=false, accepted=false, normalReturn=false
scalar-0-equals-q: expected=false, accepted=false, normalReturn=false
scalar-1-plus-q: expected=false, accepted=false, normalReturn=false
scalar-1-equals-q: expected=false, accepted=false, normalReturn=false
scalar-2-plus-q: expected=false, accepted=false, normalReturn=false
scalar-2-equals-q: expected=false, accepted=false, normalReturn=false
scalar-3-plus-q: expected=false, accepted=false, normalReturn=false
scalar-3-equals-q: expected=false, accepted=false, normalReturn=false
scalar-4-plus-q: expected=false, accepted=false, normalReturn=false
scalar-4-equals-q: expected=false, accepted=false, normalReturn=false
changed-tauX: expected=false, accepted=false, normalReturn=true
changed-operation-id: expected=false, accepted=false, normalReturn=true
changed-output-index: expected=false, accepted=false, normalReturn=true
different-valid-commitment: expected=false, accepted=false, normalReturn=true
commitment-coordinate-equals-p: expected=false, accepted=false, normalReturn=false
commitment-off-curve: expected=false, accepted=false, normalReturn=false
internal-point-1-identity: expected=false, accepted=false, normalReturn=false
internal-point-2-identity: expected=false, accepted=false, normalReturn=false
internal-point-3-identity: expected=false, accepted=false, normalReturn=false
internal-point-4-identity: expected=false, accepted=false, normalReturn=false
ls-missing-coordinate: expected=false, accepted=false, normalReturn=false
ls-extra-coordinate: expected=false, accepted=false, normalReturn=false
ls-noncanonical-coordinate: expected=false, accepted=false, normalReturn=false
ls-off-curve: expected=false, accepted=false, normalReturn=false
ls-round-0-identity: expected=false, accepted=false, normalReturn=false
ls-round-1-identity: expected=false, accepted=false, normalReturn=false
ls-round-2-identity: expected=false, accepted=false, normalReturn=false
ls-round-3-identity: expected=false, accepted=false, normalReturn=false
ls-round-4-identity: expected=false, accepted=false, normalReturn=false
ls-round-5-identity: expected=false, accepted=false, normalReturn=false
rs-missing-coordinate: expected=false, accepted=false, normalReturn=false
rs-extra-coordinate: expected=false, accepted=false, normalReturn=false
rs-noncanonical-coordinate: expected=false, accepted=false, normalReturn=false
rs-off-curve: expected=false, accepted=false, normalReturn=false
rs-round-0-identity: expected=false, accepted=false, normalReturn=false
rs-round-1-identity: expected=false, accepted=false, normalReturn=false
rs-round-2-identity: expected=false, accepted=false, normalReturn=false
rs-round-3-identity: expected=false, accepted=false, normalReturn=false
rs-round-4-identity: expected=false, accepted=false, normalReturn=false
rs-round-5-identity: expected=false, accepted=false, normalReturn=false
{"succeeded":true,"proofs":47,"transcriptChecks":5,"constructorChecks":3}
