
== clone: git clone https://github.com/0xFacet/eip-8182-reference-implementation.git /tmp/eip8182-setup-timing-fresh ==
Cloning into '/tmp/eip8182-setup-timing-fresh'...

== checkout_pinned_commit: git checkout --detach 639baaf7b29c22eb43ba6150140902ea8dbbbc46 ==
HEAD is now at 639baaf Add prover assets including Vercel configuration, ABI definitions, and deployment manifests. Update asset preparation script for improved source handling and error management.

== submodules: git submodule update --init --recursive ==
Submodule 'contracts/lib/forge-std' (https://github.com/foundry-rs/forge-std) registered for path 'contracts/lib/forge-std'
Cloning into '/private/tmp/eip8182-setup-timing-fresh/contracts/lib/forge-std'...
Submodule path 'contracts/lib/forge-std': checked out '0844d7e1fc5e60d77b68e469bff60265f236c398'

== npm_root_lockfile: npm ci ==

added 102 packages, and audited 103 packages in 5s

36 packages are looking for funding
  run `npm fund` for details

19 vulnerabilities (12 low, 2 moderate, 5 high)

To address all issues, run:
  npm audit fix

Run `npm audit` for details.

== npm_missing_upstream_dependency: npm install --no-save ethereum-cryptography@2.2.1 ==

added 9 packages, and audited 112 packages in 1s

41 packages are looking for funding
  run `npm fund` for details

19 vulnerabilities (12 low, 2 moderate, 5 high)

To address all issues, run:
  npm audit fix

Run `npm audit` for details.

== domain_tags: node scripts/circom/gen_domain_tags.js ==
wrote circuits/common/domain_tags.circom and build/domain_tags.json
  OWNER_NULLIFIER_KEY_HASH_DOMAIN = 0x2b72bae19689b25ae2f37d40775684feaabf05abd7511431c627043c3fb7910a
  OWNER_COMMITMENT_DOMAIN = 0x23b40ecd752338e810fd1cde3df363bed4493f6804b48e8cdc31902a969ee195
  NOTE_BODY_COMMITMENT_DOMAIN = 0x18fe5d3a340e273bf669641ea1b02a6e06ee26a7f2faab34ca32cabafd76f835
  NOTE_COMMITMENT_DOMAIN = 0x2840292ccf56a25bdbc9899cc5a0150a2bb92a4d08d404dfc40fc4af2d76f482
  NULLIFIER_DOMAIN = 0x23566404e188e5a36547bc3652b69993650f6c907600ee252c4f0de6ad60fa4a
  PHANTOM_NULLIFIER_DOMAIN = 0x29614e4881747a486d62e86a9fa1956dd53a8a0308728efdfd91c9b9889599a
  INTENT_REPLAY_ID_DOMAIN = 0x8ec3682f97114eeebf32f0775f12b7042b7af4390eab6752099fcd4ded2ae6d
  TRANSACT_NOTE_SECRET_DOMAIN = 0x63ff84fcba496cf94f9d45c165ea8ef1fa79fdfd8d18a2ca74fa70b62040e88
  NOTE_SECRET_SEED_DOMAIN = 0xf644dd604b8ced8e454c8af92f52b29101b6f757ee980525dad9334f5a58fb8
  TRANSACTION_INTENT_DIGEST_DOMAIN = 0x26ae9e31cbbc0c68507496c8c93a03278bdbd72a7571070804966ac13cbc9229
  OUTPUT_BINDING_DOMAIN = 0x2c145082ef101358acfc64add10187fde6e6bfe6ca3d2dbc5b71a33a66a38035
  AUTH_POLICY_DOMAIN = 0x10889234306ea7fe15a4c741a161607dc68946d1bcdaeff145a702b7ccc324f0
  POLICY_COMMITMENT_DOMAIN = 0xe037d98c9a33f16458945fb3286a4f57c6dd5a0de43c67260328167ce6d47ef
  BLINDED_AUTH_COMMITMENT_DOMAIN = 0x1ac1b6e68a2cf201a1b3f42b84534157b3f9478f09da56544edf188313af7ea

== pool_circuit_compile: /tmp/eip8182-setup-timing-fresh/vendor/circom circuits/pool/pool.circom -l circuits/common -l circuits/pool --r1cs --wasm --sym --O2 -o build/pool ==
[32mtemplate instances[0m: 96
non-linear constraints: 42959
linear constraints: 0
public inputs: 19
private inputs: 140
public outputs: 0
wires: 42941
labels: 282445
[32mWritten successfully:[0m build/pool/pool.r1cs
[32mWritten successfully:[0m build/pool/pool.sym
[32mWritten successfully:[0m build/pool/pool_js/pool.wasm
[32mEverything went okay[0m

== auth_dev_ptau_new: /tmp/eip8182-setup-timing-fresh/node_modules/.bin/snarkjs powersoftau new bn128 12 build/pot12_0000.ptau ==
[32;22m[INFO]  [39;1msnarkJS[0m: First Contribution Hash:
		9e63a5f6 2b96538d aaed2372 481920d1
		a40b9195 9ea38ef9 f5f6a303 3b886516
		0710d067 c09d0961 5f928ea5 17bcdf49
		ad75abd2 c8340b40 0e3b18e9 68b4ffef

== auth_dev_ptau_contribute: /tmp/eip8182-setup-timing-fresh/node_modules/.bin/snarkjs powersoftau contribute build/pot12_0000.ptau build/pot12_0001.ptau --name=issue10-local-dev -e=issue10-local-dev ==
[32;22m[INFO]  [39;1msnarkJS[0m: Contribution Response Hash imported: 
		9454fab5 c14b800b f9622622 d620881a
		fa1c2595 3145a603 c402821c eb7aacaa
		127966d9 a246bb17 a642e180 ba09dd11
		fc5e9fac abf6edfc 5b1e5cc6 c1ae8d99
[32;22m[INFO]  [39;1msnarkJS[0m: Next Challenge Hash: 
		17731b5f b8a58ede 3e577acf f1c52c18
		c9893a3e 45ad47e5 8380713f d65ae536
		af8dfd80 02c4479a f84805b3 31631a87
		5d81fa48 8b821f46 8b730961 22329820

== auth_dev_ptau_phase2: /tmp/eip8182-setup-timing-fresh/node_modules/.bin/snarkjs powersoftau prepare phase2 build/pot12_0001.ptau build/pot12_final.ptau ==

== auth_demo_build: bash scripts/circuit/build_auth_demo.sh ==
==> compiling auth_demo.circom (--O2)
[32mtemplate instances[0m: 74
non-linear constraints: 2113
linear constraints: 0
public inputs: 2
private inputs: 18
public outputs: 0
wires: 2131
labels: 14691
[32mWritten successfully:[0m /private/tmp/eip8182-setup-timing-fresh/build/auth_demo/auth_demo.r1cs
[32mWritten successfully:[0m /private/tmp/eip8182-setup-timing-fresh/build/auth_demo/auth_demo.sym
[32mWritten successfully:[0m /private/tmp/eip8182-setup-timing-fresh/build/auth_demo/auth_demo_js/auth_demo.wasm
[32mEverything went okay[0m
==> groth16 setup
[32;22m[INFO]  [39;1msnarkJS[0m: Reading r1cs
[32;22m[INFO]  [39;1msnarkJS[0m: Reading tauG1
[32;22m[INFO]  [39;1msnarkJS[0m: Reading tauG2
[32;22m[INFO]  [39;1msnarkJS[0m: Reading alphatauG1
[32;22m[INFO]  [39;1msnarkJS[0m: Reading betatauG1
[32;22m[INFO]  [39;1msnarkJS[0m: Circuit hash: 
		e583649d b4c71f6d 78141740 42186e9e
		29a8e7d8 4a77c6b5 bd4f4338 039ca43d
		939dadd2 d78f079f cb1e634d d09640c3
		2f8afef2 f533b46a 2e09b803 fcb5f044
==> single contribution
[32;22m[INFO]  [39;1msnarkJS[0m: Circuit Hash: 
		e583649d b4c71f6d 78141740 42186e9e
		29a8e7d8 4a77c6b5 bd4f4338 039ca43d
		939dadd2 d78f079f cb1e634d d09640c3
		2f8afef2 f533b46a 2e09b803 fcb5f044
[32;22m[INFO]  [39;1msnarkJS[0m: Contribution Hash: 
		8c666761 639f20f7 55eeff39 425edc77
		d7f553af fdf04d45 b27a82bc f4922922
		66ee90b2 aced2c09 195a0a07 3e2b41d1
		2b5682eb d474d91c 284e469d 6375803b
==> export verification key
[32;22m[INFO]  [39;1msnarkJS[0m: EXPORT VERIFICATION KEY STARTED
[32;22m[INFO]  [39;1msnarkJS[0m: > Detected protocol: groth16
[32;22m[INFO]  [39;1msnarkJS[0m: EXPORT VERIFICATION KEY FINISHED
==> export Solidity verifier
[32;22m[INFO]  [39;1msnarkJS[0m: EXPORT VERIFICATION KEY STARTED
[32;22m[INFO]  [39;1msnarkJS[0m: > Detected protocol: groth16
[32;22m[INFO]  [39;1msnarkJS[0m: EXPORT VERIFICATION KEY FINISHED

build done: /private/tmp/eip8182-setup-timing-fresh/build/auth_demo
total 10768
drwxr-xr-x@ 8 momiyamashodai  wheel      256 Sep 26 16:19 .
drwxr-xr-x@ 8 momiyamashodai  wheel      256 Sep 26 16:19 ..
-rw-r--r--@ 1 momiyamashodai  wheel  1026000 Sep 26 16:19 auth_demo.r1cs
-rw-r--r--@ 1 momiyamashodai  wheel   868309 Sep 26 16:19 auth_demo.sym
-rw-r--r--@ 1 momiyamashodai  wheel  1416700 Sep 26 16:19 auth_demo_0.zkey
-rw-r--r--@ 1 momiyamashodai  wheel  1417103 Sep 26 16:19 auth_demo_final.zkey
drwxr-xr-x@ 5 momiyamashodai  wheel      160 Sep 26 16:19 auth_demo_js
-rw-r--r--@ 1 momiyamashodai  wheel     3108 Sep 26 16:19 auth_demo_vkey.json

== delivery_input_patch_check: git apply --check /Users/momiyamashodai/orca/workspaces/ethereum-confidential-utxo/pri/benchmarks/prior-eips/output-note-data.patch ==

== delivery_input_patch: git apply /Users/momiyamashodai/orca/workspaces/ethereum-confidential-utxo/pri/benchmarks/prior-eips/output-note-data.patch ==

== forge_build: forge build ==
Compiling 41 files with Solc 0.8.28
Solc 0.8.28 finished in 2.82s
Compiler run successful with warnings:
Warning (2018): Function state mutability can be restricted to view
   --> contracts/test/Bench.t.sol:318:5:
    |
318 |     function _loadDemoAuthProofPublics() internal returns (bytes memory proof, bytes memory pubInputs) {
    |     ^ (Relevant source part starts here and spans across multiple lines).

warning[erc20-unchecked-transfer]: ERC20 'transfer' and 'transferFrom' calls should check the return value
    ╭▸ contracts/test/Bench.t.sol:511:9
    │
511 │         MockERC20(token).transfer(to, amount);
    │         ━━━━━━━━━━━━━━━━━━━━━━━━━━━━━━━━━━━━━
    │
    ╰ help: https://book.getfoundry.sh/reference/forge/forge-lint#erc20-unchecked-transfer

warning[block-timestamp]: usage of `block.timestamp` in a comparison may be manipulated by validators
    ╭▸ contracts/src/ShieldedPool.sol:214:17
    │
214 │         require(block.timestamp <= publicInputs.validUntilSeconds, IntentExpired());
    │                 ━━━━━━━━━━━━━━━━━━━━━━━━━━━━━━━━━━━━━━━━━━━━━━━━━
    │
    ╰ help: https://book.getfoundry.sh/reference/forge/forge-lint#block-timestamp

warning[erc20-unchecked-transfer]: ERC20 'transfer' and 'transferFrom' calls should check the return value
    ╭▸ contracts/test/Bench.t.sol:527:9
    │
527 │         MockERC20(token).transferFrom(probe, address(this), amount);
    │         ━━━━━━━━━━━━━━━━━━━━━━━━━━━━━━━━━━━━━━━━━━━━━━━━━━━━━━━━━━━
    │
    ╰ help: https://book.getfoundry.sh/reference/forge/forge-lint#erc20-unchecked-transfer

warning[block-timestamp]: usage of `block.timestamp` in a comparison may be manipulated by validators
    ╭▸ contracts/src/ShieldedPool.sol:216:13
    │
216 │             publicInputs.validUntilSeconds <= block.timestamp + MAX_INTENT_LIFETIME,
    │             ━━━━━━━━━━━━━━━━━━━━━━━━━━━━━━━━━━━━━━━━━━━━━━━━━━━━━━━━━━━━━━━━━━━━━━━
    │
    ╰ help: https://book.getfoundry.sh/reference/forge/forge-lint#block-timestamp

warning[unsafe-typecast]: typecasts that can truncate values should be checked
     ╭▸ contracts/src/auth/HonkRealAuthVerifier.sol:1624:32
     │
1624 │     scalar = FrLib.fromBytes32(bytes32(proofSection));
     │                                ━━━━━━━━━━━━━━━━━━━━━
     │
     ├ note: consider disabling this lint if you're certain the cast is safe
     │       
     │       // casting to 'bytes32' is safe because [explain why]
     │       // forge-lint: disable-next-line(unsafe-typecast)
     │       
     │       
     ╰ help: https://book.getfoundry.sh/reference/forge/forge-lint#unsafe-typecast

warning[unsafe-typecast]: typecasts that can truncate values should be checked
    ╭▸ contracts/src/ShieldedPool.sol:519:34
    │
519 │             entry.leafPosition = uint32(newPosition);
    │                                  ━━━━━━━━━━━━━━━━━━━
    │
    ├ note: consider disabling this lint if you're certain the cast is safe
    │       
    │       // casting to 'uint32' is safe because [explain why]
    │       // forge-lint: disable-next-line(unsafe-typecast)
    │       
    │       
    ╰ help: https://book.getfoundry.sh/reference/forge/forge-lint#unsafe-typecast


== npm_sepolia_demo_lockfile: npm ci --ignore-scripts ==
npm warn ERESOLVE overriding peer dependency
npm warn While resolving: use-sync-external-store@1.2.0
npm warn Found: react@19.2.7
npm warn node_modules/react
npm warn   react@"^19.2.7" from the root project
npm warn   15 more (@rainbow-me/rainbowkit, @tanstack/react-query, ...)
npm warn
npm warn Could not resolve dependency:
npm warn peer react@"^16.8.0 || ^17.0.0 || ^18.0.0" from use-sync-external-store@1.2.0
npm warn node_modules/valtio/node_modules/use-sync-external-store
npm warn   use-sync-external-store@"1.2.0" from valtio@1.13.2
npm warn   node_modules/valtio
npm warn
npm warn Conflicting peer dependency: react@18.3.1
npm warn node_modules/react
npm warn   peer react@"^16.8.0 || ^17.0.0 || ^18.0.0" from use-sync-external-store@1.2.0
npm warn   node_modules/valtio/node_modules/use-sync-external-store
npm warn     use-sync-external-store@"1.2.0" from valtio@1.13.2
npm warn     node_modules/valtio
npm warn deprecated @metamask/sdk-analytics@0.0.5: No longer maintained, superseded by @metamask/connect-analytics
npm warn deprecated @paulmillr/qr@0.2.1: Switch to "qr" (new package name) for security updates: npm install qr
npm warn deprecated @safe-global/safe-gateway-typescript-sdk@3.23.1: Package no longer supported. Contact Support at https://www.npmjs.com/support for more info.
npm warn deprecated uuid@8.3.2: uuid@10 and below is no longer supported.  For ESM codebases, update to uuid@latest.  For CommonJS codebases, use uuid@11 (but be aware this version will likely be deprecated in 2028).
npm warn deprecated uuid@9.0.1: uuid@10 and below is no longer supported.  For ESM codebases, update to uuid@latest.  For CommonJS codebases, use uuid@11 (but be aware this version will likely be deprecated in 2028).
npm warn deprecated uuid@9.0.1: uuid@10 and below is no longer supported.  For ESM codebases, update to uuid@latest.  For CommonJS codebases, use uuid@11 (but be aware this version will likely be deprecated in 2028).
npm warn deprecated uuid@9.0.1: uuid@10 and below is no longer supported.  For ESM codebases, update to uuid@latest.  For CommonJS codebases, use uuid@11 (but be aware this version will likely be deprecated in 2028).
npm warn deprecated uuid@9.0.1: uuid@10 and below is no longer supported.  For ESM codebases, update to uuid@latest.  For CommonJS codebases, use uuid@11 (but be aware this version will likely be deprecated in 2028).
npm warn deprecated uuid@9.0.1: uuid@10 and below is no longer supported.  For ESM codebases, update to uuid@latest.  For CommonJS codebases, use uuid@11 (but be aware this version will likely be deprecated in 2028).
npm warn deprecated @walletconnect/sign-client@2.21.1: Reliability and performance improvements. See: https://github.com/WalletConnect/walletconnect-monorepo/releases
npm warn deprecated @walletconnect/sign-client@2.21.0: Reliability and performance improvements. See: https://github.com/WalletConnect/walletconnect-monorepo/releases
npm warn deprecated @walletconnect/sign-client@2.21.0: Reliability and performance improvements. See: https://github.com/WalletConnect/walletconnect-monorepo/releases
npm warn deprecated @walletconnect/sign-client@2.21.0: Reliability and performance improvements. See: https://github.com/WalletConnect/walletconnect-monorepo/releases
npm warn deprecated @walletconnect/universal-provider@2.21.1: Reliability and performance improvements. See: https://github.com/WalletConnect/walletconnect-monorepo/releases
npm warn deprecated @walletconnect/universal-provider@2.21.0: Reliability and performance improvements. See: https://github.com/WalletConnect/walletconnect-monorepo/releases
npm warn deprecated @walletconnect/universal-provider@2.21.0: Reliability and performance improvements. See: https://github.com/WalletConnect/walletconnect-monorepo/releases
npm warn deprecated @walletconnect/universal-provider@2.21.0: Reliability and performance improvements. See: https://github.com/WalletConnect/walletconnect-monorepo/releases
npm warn deprecated @metamask/sdk-install-modal-web@0.32.1: No longer maintained, superseded by https://docs.metamask.io/metamask-connect
npm warn deprecated @walletconnect/ethereum-provider@2.21.1: Reliability and performance improvements. See: https://github.com/WalletConnect/walletconnect-monorepo/releases
npm warn deprecated @metamask/sdk-communication-layer@0.33.1: No longer maintained, superseded by https://docs.metamask.io/metamask-connect
npm warn deprecated @metamask/sdk@0.33.1: No longer maintained, superseded by https://docs.metamask.io/metamask-connect

added 754 packages, and audited 755 packages in 10s

134 packages are looking for funding
  run `npm fund` for details

46 vulnerabilities (7 low, 28 moderate, 11 high)

To address issues that do not require attention, run:
  npm audit fix

To address all issues (including breaking changes), run:
  npm audit fix --force

Run `npm audit` for details.

== sepolia_sdk_build: npm run build:sdk ==

> @eip-8182/sepolia-demo@0.1.0 build:sdk
> tsc -p tsconfig.json

