#Top
[Warning] Compiler: Variable 'B' defined but not used. Prefix variable name
with underscore if this is intentional.
	Source(/work/formal/model/claims/model-06.k)
	Location(6,27,6,28)
	6 |	                          B:Int, V, E:Int),
	  .	                          ^
[Warning] Compiler: Variable 'E' defined but not used. Prefix variable name
with underscore if this is intentional.
	Source(/work/formal/model/claims/model-06.k)
	Location(6,37,6,38)
	6 |	                          B:Int, V, E:Int),
	  .	                                    ^
[Warning] Compiler: Variable 'Recipient' defined but not used. Prefix variable
name with underscore if this is intentional.
	Source(/work/formal/model/claims/model-06.k)
	Location(7,60,7,69)
	7 |	                  validatedTransfer(9, Owner, ListItem(1), Recipient:Int,
	  .	                                                           ^~~~~~~~~
[Warning] Compiler: Variable '?Next' defined but not used. Prefix variable name
with underscore if this is intentional.
	Source(/work/formal/model/claims/model-06.k)
	Location(10,23,10,28)
	10 |	          => accepted(?Next:State) </k>
	   .	                      ^~~~~
[Warning] Compiler: Variable 'B' defined but not used. Prefix variable name
with underscore if this is intentional.
	Source(/work/formal/model/claims/model-06.k)
	Location(18,27,18,28)
	18 |	                          B:Int, V, E:Int),
	   .	                          ^
[Warning] Compiler: Variable 'E' defined but not used. Prefix variable name
with underscore if this is intentional.
	Source(/work/formal/model/claims/model-06.k)
	Location(18,37,18,38)
	18 |	                          B:Int, V, E:Int),
	   .	                                    ^
[Warning] Compiler: Variable 'Destination' defined but not used. Prefix
variable name with underscore if this is intentional.
	Source(/work/formal/model/claims/model-06.k)
	Location(20,37,20,48)
	20 |	                                    Destination:Int, 3),
	   .	                                    ^~~~~~~~~~~
[Warning] Compiler: Variable '?Next' defined but not used. Prefix variable name
with underscore if this is intentional.
	Source(/work/formal/model/claims/model-06.k)
	Location(22,23,22,28)
	22 |	          => accepted(?Next:State) </k>
	   .	                      ^~~~~
[Warning] Compiler: Variable 'B' defined but not used. Prefix variable name
with underscore if this is intentional.
	Source(/work/formal/model/claims/model-06.k)
	Location(31,27,31,28)
	31 |	                          B:Int, V1 +Int V2, E:Int),
	   .	                          ^
[Warning] Compiler: Variable 'E' defined but not used. Prefix variable name
with underscore if this is intentional.
	Source(/work/formal/model/claims/model-06.k)
	Location(31,46,31,47)
	31 |	                          B:Int, V1 +Int V2, E:Int),
	   .	                                             ^
[Warning] Compiler: Variable 'Recipient' defined but not used. Prefix variable
name with underscore if this is intentional.
	Source(/work/formal/model/claims/model-06.k)
	Location(33,37,33,46)
	33 |	                                    Recipient:Int, T:Int, 3, 4),
execContext(1, 1))
	   .	                                    ^~~~~~~~~
[Warning] Compiler: Variable '?Next' defined but not used. Prefix variable name
with underscore if this is intentional.
	Source(/work/formal/model/claims/model-06.k)
	Location(34,23,34,28)
	34 |	          => accepted(?Next:State) </k>
	   .	                      ^~~~~
[Warning] Compiler: Variable 'B' defined but not used. Prefix variable name
with underscore if this is intentional.
	Source(/work/formal/model/claims/model-06.k)
	Location(44,27,44,28)
	44 |	                          B:Int, V1 +Int V2, E:Int),
	   .	                          ^
[Warning] Compiler: Variable 'E' defined but not used. Prefix variable name
with underscore if this is intentional.
	Source(/work/formal/model/claims/model-06.k)
	Location(44,46,44,47)
	44 |	                          B:Int, V1 +Int V2, E:Int),
	   .	                                             ^
[Warning] Compiler: Variable 'Destination' defined but not used. Prefix
variable name with underscore if this is intentional.
	Source(/work/formal/model/claims/model-06.k)
	Location(46,44,46,55)
	46 |	                                    W:Int, Destination:Int, 3),
execContext(1, 1))
	   .	                                           ^~~~~~~~~~~
[Warning] Compiler: Variable '?Next' defined but not used. Prefix variable name
with underscore if this is intentional.
	Source(/work/formal/model/claims/model-06.k)
	Location(47,23,47,28)
	47 |	          => accepted(?Next:State) </k>
	   .	                      ^~~~~
